Input #0, mov,mp4,m4a,3gp,3g2,mj2, from 'brag-output/pulse-crm-demo-v1.mp4':
  Metadata:
    minor_version   : 512
    major_brand     : isom
    compatible_brands: isomiso2avc1mp41
    hyperframes_version: 0.8.74
    hyperframes_renderer: hyperframes
    encoder         : Lavf62.12.100
  Duration: 00:00:30.00, start: 0.000000, bitrate: 1122 kb/s
  Stream #0:0[0x1](und): Video: h264 (High) (avc1 / 0x31637661), yuv420p(tv, bt709, progressive), 1920x1080 [SAR 1:1 DAR 16:9], 1121 kb/s, 30 fps, 30 tbr, 15360 tbn (default)
    Metadata:
      handler_name    : VideoHandler
      encoder         : Lavc62.28.100 libx264
Stream mapping:
  Stream #0:0 -> #0:0 (h264 (native) -> wrapped_avframe (native))
Press [q] to stop, [?] for help
Output #0, null, to 'pipe:':
  Metadata:
    minor_version   : 512
    major_brand     : isom
    compatible_brands: isomiso2avc1mp41
    hyperframes_version: 0.8.74
    hyperframes_renderer: hyperframes
    encoder         : Lavf62.12.100
  Stream #0:0(und): Video: wrapped_avframe, yuv420p(tv, bt709, progressive), 1920x1080 [SAR 1:1 DAR 16:9], q=2-31, 200 kb/s, 30 fps, 30 tbn (default)
    Metadata:
      encoder         : Lavc62.28.100 wrapped_avframe
      handler_name    : VideoHandler
[Parsed_freezedetect_1 @ 0x79d02d500] lavfi.freezedetect.freeze_start: 0.3
[Parsed_freezedetect_1 @ 0x79d02d500] lavfi.freezedetect.freeze_duration: 2.1
[Parsed_freezedetect_1 @ 0x79d02d500] lavfi.freezedetect.freeze_end: 2.4
[Parsed_freezedetect_1 @ 0x79d02d500] lavfi.freezedetect.freeze_start: 8.333333
[Parsed_freezedetect_1 @ 0x79d02d500] lavfi.freezedetect.freeze_duration: 2.366667
[Parsed_freezedetect_1 @ 0x79d02d500] lavfi.freezedetect.freeze_end: 10.7
frame=  492 fps=0.0 q=-0.0 size=N/A time=00:00:16.40 bitrate=N/A speed=32.8x elapsed=0:00:00.50
[Parsed_freezedetect_1 @ 0x79d02d500] lavfi.freezedetect.freeze_start: 27.4
[out#0/null @ 0x79d02c180] video:373KiB audio:0KiB subtitle:0KiB other streams:0KiB global headers:0KiB muxing overhead: unknown
frame=  900 fps=0.0 q=-0.0 Lsize=N/A time=00:00:30.00 bitrate=N/A speed=33.2x elapsed=0:00:00.90
